LINE ADDR CONTENTS SOURCE LINE
  1.              	.EQU PASSWORD, $030
  2.              	.EQU	@, PASSWORD
  3.  030 676574  	.CHAR 'get pwned', LENGTH
      031 207077
      032 6E6564
  4.              	.EQU KEYBOARD_STATUS, $000
  5.              	.EQU KEYBOARD_DATA, $001
  6.              
  7.              	.EQU @, $000
  8.  000 010000  	LDX#	$000
  9.  001 030000  	LDF#	$000
 10.  002 005CFE  START:	LDA+ !$CFE
 11.  003 204030  	CMA+	PASSWORD
 12.  004 492007  	JNE	POLL
 13.  005 602009  	AOC	LENGTH
 14.  006 48200D  	JEQ	ENDLOOP
 15.              	
 16.  007 702000  POLL:	INB	KEYBOARD_STATUS
 17.  008 FFF038  	NOP
 18.  009 4B2007  	JGE	POLL
 19.  00A 702001  	INB 	KEYBOARD_DATA
 20.  00B 043D00  	STA	!$D00
 21.  00C 130001  	ADF#	$001
 22.              	
 23.              
 24.  00D 0A4000  ENDLOOP:	CLR+	$000
 25.  00E 110001  	ADX#	$001
 26.  00F 40200D  	JMP 	ENDLOOP

                     SYMBOL TABLE CONTENTS

00000D = ENDLOOP         000001 = KEYBOARD_DATA   000000 = KEYBOARD_STATUS 
000009 = LENGTH          000030 = PASSWORD        000007 = POLL            
000002 = START           